MO q1_MUSER_PRELABTRIAL2 NULL PRELABTRIAL2.vf vlg50/q1___m_u_s_e_r___p_r_e_l_a_b_t_r_i_a_l2.bin 1442791285
MO Q4_MUSER_PRELAB NULL PRELAB.vf vlg3D/_q4___m_u_s_e_r___p_r_e_l_a_b.bin 1442789863
MO M2_1E_MXILINX_PRELABTRIAL2 NULL PRELABTRIAL2.vf vlg73/_m2__1_e___m_x_i_l_i_n_x___p_r_e_l_a_b_t_r_i_a_l2.bin 1442791285
MO PRELABTRIAL2 NULL PRELABTRIAL2.vf vlg58/_p_r_e_l_a_b_t_r_i_a_l2.bin 1442791285
MO M2_1_MXILINX_q1 NULL q1.vf vlg5C/_m2__1___m_x_i_l_i_n_x__q1.bin 1442791285
MO M2_1_MXILINX_PRELAB NULL PRELAB.vf vlg7C/_m2__1___m_x_i_l_i_n_x___p_r_e_l_a_b.bin 1442789863
MO Lab03_dwe_MUSER_PRELABTRIAL2 NULL PRELABTRIAL2.vf vlg6B/_lab03__dwe___m_u_s_e_r___p_r_e_l_a_b_t_r_i_a_l2.bin 1442791285
MO q1 NULL q1.vf vlg66/q1.bin 1442791285
MO q2 NULL q2.vf vlg67/q2.bin 1442791285
MO M4_1E_MXILINX_q2 NULL q2.vf vlg6C/_m4__1_e___m_x_i_l_i_n_x__q2.bin 1442791285
MO M2_1_MXILINX_Lab03_dwe NULL Lab03_dwe.vf vlg5B/_m2__1___m_x_i_l_i_n_x___lab03__dwe.bin 1442791285
MO q1_MUSER_PRELAB NULL PRELAB.vf vlg1E/q1___m_u_s_e_r___p_r_e_l_a_b.bin 1442789863
MO M8_1E_MXILINX_PRELABTRIAL2 NULL PRELABTRIAL2.vf vlg39/_m8__1_e___m_x_i_l_i_n_x___p_r_e_l_a_b_t_r_i_a_l2.bin 1442791285
MO Q3_MUSER_PRELAB NULL PRELAB.vf vlg28/_q3___m_u_s_e_r___p_r_e_l_a_b.bin 1442789863
MO Q3 NULL Q3.vf vlg48/_q3.bin 1442791285
MO Q4 NULL Q4.vf vlg49/_q4.bin 1442791285
MO M2_1_MXILINX_PRELABTRIAL2 NULL PRELABTRIAL2.vf vlg1E/_m2__1___m_x_i_l_i_n_x___p_r_e_l_a_b_t_r_i_a_l2.bin 1442791285
MO PRELAB NULL PRELAB.vf vlg66/_p_r_e_l_a_b.bin 1442789863
MO M4_1E_MXILINX_PRELABTRIAL2 NULL PRELABTRIAL2.vf vlg35/_m4__1_e___m_x_i_l_i_n_x___p_r_e_l_a_b_t_r_i_a_l2.bin 1442791285
MO Q4_MUSER_PRELABTRIAL2 NULL PRELABTRIAL2.vf vlg67/_q4___m_u_s_e_r___p_r_e_l_a_b_t_r_i_a_l2.bin 1442791285
MO Lab03_dwe NULL Lab03_dwe.vf vlg1D/_lab03__dwe.bin 1442791285
MO M8_1E_MXILINX_Q3 NULL Q3.vf vlg71/_m8__1_e___m_x_i_l_i_n_x___q3.bin 1442791285
MO M8_1E_MXILINX_Q4 NULL Q4.vf vlg72/_m8__1_e___m_x_i_l_i_n_x___q4.bin 1442791285
MO M4_1E_MXILINX_PRELAB NULL PRELAB.vf vlg1B/_m4__1_e___m_x_i_l_i_n_x___p_r_e_l_a_b.bin 1442789863
MO M2_1E_MXILINX_q2 NULL q2.vf vlg1A/_m2__1_e___m_x_i_l_i_n_x__q2.bin 1442791285
MO q2_MUSER_PRELABTRIAL2 NULL PRELABTRIAL2.vf vlg0D/q2___m_u_s_e_r___p_r_e_l_a_b_t_r_i_a_l2.bin 1442791285
MO Lab03_dwe_MUSER_PRELAB NULL PRELAB.vf vlg21/_lab03__dwe___m_u_s_e_r___p_r_e_l_a_b.bin 1442789863
MO Q3_MUSER_PRELABTRIAL2 NULL PRELABTRIAL2.vf vlg2A/_q3___m_u_s_e_r___p_r_e_l_a_b_t_r_i_a_l2.bin 1442791285
MO M2_1E_MXILINX_Q3 NULL Q3.vf vlg7B/_m2__1_e___m_x_i_l_i_n_x___q3.bin 1442791285
MO M2_1E_MXILINX_Q4 NULL Q4.vf vlg7C/_m2__1_e___m_x_i_l_i_n_x___q4.bin 1442791285
MO M2_1E_MXILINX_PRELAB NULL PRELAB.vf vlg69/_m2__1_e___m_x_i_l_i_n_x___p_r_e_l_a_b.bin 1442789863
MO M8_1E_MXILINX_PRELAB NULL PRELAB.vf vlg7F/_m8__1_e___m_x_i_l_i_n_x___p_r_e_l_a_b.bin 1442789863
MO q2_MUSER_PRELAB NULL PRELAB.vf vlg33/q2___m_u_s_e_r___p_r_e_l_a_b.bin 1442789863
