MO nso_dwe NULL nso_dwe.vf vlg0B/nso__dwe.bin 1445545990
MO state_machine_dwe NULL state_machine_dwe.vf vlg5C/state__machine__dwe.bin 1445291322
MO final_top_dwe NULL final_top_dwe.vf vlg2B/final__top__dwe.bin 1445545990
MO output_dwe NULL output_dwe.vf vlg40/output__dwe.bin 1445545990
MO OR8_MXILINX_final_top_dwe NULL final_top_dwe.vf vlg1B/_o_r8___m_x_i_l_i_n_x__final__top__dwe.bin 1445545990
MO nso_dwe_MUSER_top_dwe NULL top_dwe.vf vlg23/nso__dwe___m_u_s_e_r__top__dwe.bin 1445545990
MO OR12_MXILINX_top_dwe NULL top_dwe.vf vlg41/_o_r12___m_x_i_l_i_n_x__top__dwe.bin 1445545990
MO top_dwe NULL top_dwe.vf vlg5E/top__dwe.bin 1445545990
MO OR6_MXILINX_final_top_dwe NULL final_top_dwe.vf vlg09/_o_r6___m_x_i_l_i_n_x__final__top__dwe.bin 1445545990
MO nso_dwe_MUSER_final_top_dwe NULL final_top_dwe.vf vlg18/nso__dwe___m_u_s_e_r__final__top__dwe.bin 1445545990
MO state_machine_dwe_MUSER_top_dwe NULL top_dwe.vf vlg5C/state__machine__dwe___m_u_s_e_r__top__dwe.bin 1445291322
MO OR6_MXILINX_output_dwe NULL output_dwe.vf vlg76/_o_r6___m_x_i_l_i_n_x__output__dwe.bin 1445545990
MO OR8_MXILINX_top_dwe NULL top_dwe.vf vlg4E/_o_r8___m_x_i_l_i_n_x__top__dwe.bin 1445545990
MO slowClk NULL slowClk.v vlg13/slow_clk.bin 1445545990
MO output_dwe_MUSER_final_top_dwe NULL final_top_dwe.vf vlg3D/output__dwe___m_u_s_e_r__final__top__dwe.bin 1445545990
MO output_dwe_MUSER_top_dwe NULL top_dwe.vf vlg60/output__dwe___m_u_s_e_r__top__dwe.bin 1445545990
MO OR12_MXILINX_final_top_dwe NULL final_top_dwe.vf vlg26/_o_r12___m_x_i_l_i_n_x__final__top__dwe.bin 1445545990
MO OR12_MXILINX_output_dwe NULL output_dwe.vf vlg17/_o_r12___m_x_i_l_i_n_x__output__dwe.bin 1445545990
MO debouncer NULL debouncer.v vlg03/debouncer.bin 1445543665
MO OR8_MXILINX_output_dwe NULL output_dwe.vf vlg70/_o_r8___m_x_i_l_i_n_x__output__dwe.bin 1445545990
MO final_top_dwe_MUSER_top_dwe NULL top_dwe.vf vlg43/final__top__dwe___m_u_s_e_r__top__dwe.bin 1445545990
MO OR6_MXILINX_top_dwe NULL top_dwe.vf vlg4C/_o_r6___m_x_i_l_i_n_x__top__dwe.bin 1445545990
